// Jest Snapshot v1, https://goo.gl/fbAQLP

exports[`Should render ExpenseList with expenses 1`] = `
<div>
  <Connect(ExpenseListItem)
    amount={195}
    createdAt={0}
    description="Gum"
    id="1"
    key="0"
  />
  <Connect(ExpenseListItem)
    amount={10950}
    createdAt={-345600000}
    description="Rent"
    id="2"
    key="1"
  />
  <Connect(ExpenseListItem)
    amount={4500}
    createdAt={345600000}
    description="Credit Card"
    id="3"
    key="2"
  />
</div>
`;
